// Vitest Snapshot v1, https://vitest.dev/guide/snapshot.html

exports[`matches the snapshot of the Card component 1`] = `
<DocumentFragment>
  <div
    class="Card"
  >
    <h4
      class="Card-title"
    >
      testing image 1
    </h4>
    <img
      alt="testing image 1"
      class="Card-image"
      src="test1.com"
    />
    <small
      class="Card-small"
    >
      Image 1 of 3.
    </small>
  </div>
</DocumentFragment>
`;
